<html>
<body>
<pre>
<h1>µVision Build Log</h1>
<h2>Tool Versions:</h2>
IDE-Version: ¦ÌVision V5.23.0.0
Copyright (C) 2017 ARM Ltd and ARM Germany GmbH. All rights reserved.
License Information: hanoch Thomas, JXW, LIC=HF82M-XUPEY-17XRR-K6J3H-4KUDQ-JIB0Z
 
Tool Versions:
Toolchain:       MDK-ARM Professional  Version: 5.23
Toolchain Path:  C:\Keil_v5\ARM\ARMCC\Bin
C Compiler:      Armcc.exe V5.06 update 4 (build 422)
Assembler:       Armasm.exe V5.06 update 4 (build 422)
Linker/Locator:  ArmLink.exe V5.06 update 4 (build 422)
Library Manager: ArmAr.exe V5.06 update 4 (build 422)
Hex Converter:   FromElf.exe V5.06 update 4 (build 422)
CPU DLL:         SARMCM3.DLL V5.23
Dialog DLL:      DCM.DLL V1.15.0.0
Target DLL:      STLink\ST-LINKIII-KEIL_SWO.dll V2.0.18.0
Dialog DLL:      TCM.DLL V1.27.0.0
 
<h2>Project:</h2>
C:\Users\hanoch\Documents\Sync doc\stm32_study\ESP8266_wifi_connect\MDK-ARM\ESP8266_wifi_connect.uvprojx
Project File Date:  10/07/2022

<h2>Output:</h2>
*** Using Compiler 'V5.06 update 4 (build 422)', folder: 'C:\Keil_v5\ARM\ARMCC\Bin'
Build target 'ESP8266_wifi_connect'
compiling UserTask.c...
../Core/Inc/HardwareConfig.h(18): warning:  #1-D: last line of file ends without a newline
  #endif
../Core/Inc/UserTask.h(10): warning:  #1-D: last line of file ends without a newline
  #endif
..\Core\Src\UserTask.c(151): warning:  #177-D: function "led_control"  was declared but never referenced
  static void led_control(void)
..\Core\Src\UserTask.c: 3 warnings, 0 errors
linking...
Program Size: Code=9232 RO-data=444 RW-data=132 ZI-data=5156  
FromELF: creating hex file...
"ESP8266_wifi_connect\ESP8266_wifi_connect.axf" - 0 Error(s), 3 Warning(s).

<h2>Software Packages used:</h2>

Package Vendor: ARM
                http://www.keil.com/pack/ARM.CMSIS.5.9.0.pack
                ARM::CMSIS:CORE:5.6.0
                CMSIS (Common Microcontroller Software Interface Standard)
   * Component: CORE Version: 5.6.0

<h2>Collection of Component include folders:</h2>
  .\RTE\_ESP8266_wifi_connect
  C:\Keil_v5\ARM\PACK\ARM\CMSIS\5.9.0\CMSIS\Core\Include
  C:\Keil_v5\ARM\PACK\Keil\STM32F1xx_DFP\2.4.0\Device\Include

<h2>Collection of Component Files used:</h2>

   * Component: ARM::CMSIS:CORE:5.6.0
      Include file:  CMSIS\Core\Include\tz_context.h
Build Time Elapsed:  00:00:02
</pre>
</body>
</html>
